0 verbose cli C:\Program Files\nodejs\node.exe C:\Program Files\nodejs\node_modules\npm\bin\npm-cli.js
1 info using npm@11.16.0
2 info using node@v24.18.0
3 silly config load:file:C:\Program Files\nodejs\node_modules\npm\npmrc
4 silly config load:file:F:\项目\VibeUsage-New\.npmrc
5 silly config load:file:C:\Users\LJANX\.npmrc
6 silly config load:file:C:\Users\LJANX\AppData\Roaming\npm\etc\npmrc
7 verbose title npm exec @vibe-cafe/vibe-usage daemon install
8 verbose argv "exec" "--" "@vibe-cafe/vibe-usage" "daemon" "install"
9 verbose logfile logs-max:10 dir:F:\项目\VibeUsage-New\.npm-cache\_logs\2026-08-21T01_50_42_126Z-
10 verbose logfile F:\项目\VibeUsage-New\.npm-cache\_logs\2026-08-21T01_50_42_126Z-debug-0.log
11 silly logfile done cleaning log files
12 silly packumentCache heap:4496293888 maxSize:1124073472 maxEntrySize:562036736
13 http fetch GET 200 https://registry.npmjs.org/@vibe-cafe%2fvibe-usage 1369ms (cache miss)
14 silly packumentCache heap:4496293888 maxSize:1124073472 maxEntrySize:562036736
15 silly packumentCache heap:4496293888 maxSize:1124073472 maxEntrySize:562036736
16 warn exec The following package was not found and will be installed: @vibe-cafe/vibe-usage@0.10.13
17 silly idealTree buildDeps
18 silly fetch manifest @vibe-cafe/vibe-usage@0.10.13
19 silly packumentCache full:https://registry.npmjs.org/@vibe-cafe%2fvibe-usage cache-miss
20 http fetch GET 200 https://registry.npmjs.org/@vibe-cafe%2fvibe-usage 497ms (cache miss)
21 silly packumentCache full:https://registry.npmjs.org/@vibe-cafe%2fvibe-usage set size:undefined disposed:false
22 silly placeDep ROOT @vibe-cafe/vibe-usage@0.10.13 OK for:  want: 0.10.13
23 silly reify moves {}
24 silly audit bulk request { '@vibe-cafe/vibe-usage': [ '0.10.13' ] }
25 http cache @vibe-cafe/vibe-usage@https://registry.npmjs.org/@vibe-cafe/vibe-usage/-/vibe-usage-0.10.13.tgz 0ms (cache hit)
26 silly tarball no local data for @vibe-cafe/vibe-usage@https://registry.npmjs.org/@vibe-cafe/vibe-usage/-/vibe-usage-0.10.13.tgz. Extracting by manifest.
27 http fetch GET 200 https://registry.npmjs.org/npm 2341ms
28 http fetch POST 200 https://registry.npmjs.org/-/npm/v1/security/advisories/bulk 296ms
29 silly audit report {}
30 http fetch GET 200 https://registry.npmjs.org/@vibe-cafe/vibe-usage/-/vibe-usage-0.10.13.tgz 1796ms (cache miss)
31 verbose cwd F:\项目\VibeUsage-New
32 verbose os Windows_NT 10.0.22621
33 verbose node v24.18.0
34 verbose npm  v11.16.0
35 notice
35 notice New major version of npm available! 11.16.0 -> 12.0.2
35 notice Changelog: https://github.com/npm/cli/releases/tag/v12.0.2
35 notice To update run: npm install -g npm@12.0.2
35 notice  { force: true, Symbol(proc-log.meta): true }
36 verbose exit 0
37 info ok
