0 verbose cli C:\Program Files\nodejs\node.exe C:\Program Files\nodejs\node_modules\npm\bin\npm-cli.js
1 info using npm@11.16.0
2 info using node@v24.18.0
3 silly config load:file:C:\Program Files\nodejs\node_modules\npm\npmrc
4 silly config load:file:F:\项目\VibeUsage-New\.npmrc
5 silly config load:file:C:\Users\LJANX\.npmrc
6 silly config load:file:C:\Users\LJANX\AppData\Roaming\npm\etc\npmrc
7 verbose title npm exec @vibe-cafe/vibe-usage --help
8 verbose argv "exec" "--" "@vibe-cafe/vibe-usage" "--help"
9 verbose logfile logs-max:10 dir:F:\项目\VibeUsage-New\.npm-cache\_logs\2026-08-21T01_50_55_696Z-
10 verbose logfile F:\项目\VibeUsage-New\.npm-cache\_logs\2026-08-21T01_50_55_696Z-debug-0.log
11 silly logfile done cleaning log files
12 silly packumentCache heap:4496293888 maxSize:1124073472 maxEntrySize:562036736
13 http fetch GET 200 https://registry.npmjs.org/@vibe-cafe%2fvibe-usage 1830ms (cache revalidated)
14 silly packumentCache heap:4496293888 maxSize:1124073472 maxEntrySize:562036736
15 silly packumentCache heap:4496293888 maxSize:1124073472 maxEntrySize:562036736
16 verbose cwd F:\项目\VibeUsage-New
17 verbose os Windows_NT 10.0.22621
18 verbose node v24.18.0
19 verbose npm  v11.16.0
20 verbose exit 0
21 info ok
